Compiling lib\main.dart for the Web...                          
flutter : Wasm dry run findings:
At line:2 char:1
+ flutter build web --release --no-pub > build_error.log 2>&1
+ ~~~~~~~~~~~~~~~~~~~~~~~~~~~~~~~~~~~~~~~~~~~~~~~~~~~~~~~~~~~
    + CategoryInfo          : NotSpecified: (Wasm dry run findings::String) [], RemoteException
    + FullyQualifiedErrorId : NativeCommandError
 
Found incompatibilities with WebAssembly.

package:firebase_auth_web/firebase_auth_web.dart 7:1 - dart:html unsupported (0)
package:firebase_messaging_web/firebase_messaging_web.dart 7:1 - dart:html unsupported (0)
package:firebase_auth_web/src/utils/web_utils.dart 13:1 - package:js/js_util.dart unsupported (15)
package:firebase_auth_web/src/firebase_auth_web_recaptcha_verifier_factory.dart 7:1 - dart:html unsupported (0)
package:firebase_auth_web/src/firebase_auth_web_user.dart 7:1 - dart:js unsupported (1)
package:firebase_auth_web/src/interop/auth.dart 15:1 - package:js/js.dart unsupported (14)
package:firebase_messaging_web/src/interop/messaging.dart 11:1 - package:js/js.dart unsupported (14)
package:firebase_auth_web/src/interop/window_interop.dart 8:1 - package:js/js.dart unsupported (14)
package:firebase_auth_web/src/interop/auth_interop.dart 14:1 - package:js/js.dart unsupported (14)
package:firebase_messaging_web/src/interop/messaging_interop.dart 12:1 - package:js/js.dart unsupported (14)

Consider addressing these issues to enable wasm builds. See docs for more info: https://docs.flutter.dev/platform-integ
ration/web/wasm

Use --no-wasm-dry-run to disable these warnings.
Target dart2js failed: ProcessException: Process exited abnormally with exit code 1:
lib/features/auth/data/auth_repository.dart:4:8:
Error: Error when reading 'lib/features/models/models.dart': Error reading 'lib/features/models/models.dart'  (繝ｻﾂ繝ｻ邁ｿ
鬆・繝ｻ・ｽ繝ｻ鄂ｹ・･・ｼ 繝ｻ・ｾ繝ｻ繝ｻ繝ｻ繝ｻ繝ｻ繝ｻ諷｣繝ｻ螢ｱ蜈ｱ)
import '../../models/models.dart';
       ^
lib/features/auth/data/auth_repository.dart:9:10:
Error: Type 'UserModel' not found.
  Future<UserModel?> signInAnonymously();
         ^^^^^^^^^
lib/features/auth/data/auth_repository.dart:22:10:
Error: Type 'UserModel' not found.
  Future<UserModel?> signInAnonymously() async {
         ^^^^^^^^^
../../../AppData/Local/Pub/Cache/hosted/pub.dev/firebase_auth_web-5.8.13/lib/src/interop/auth_interop.dart:26:10:
Error: Type 'PromiseJsImpl' not found.
external PromiseJsImpl<void> applyActionCode(AuthJsImpl auth, String oobCode);
         ^^^^^^^^^^^^^
../../../AppData/Local/Pub/Cache/hosted/pub.dev/firebase_auth_web-5.8.13/lib/src/interop/auth_interop.dart:38:10:
Error: Type 'PromiseJsImpl' not found.
external PromiseJsImpl<ActionCodeInfo> checkActionCode(
         ^^^^^^^^^^^^^
../../../AppData/Local/Pub/Cache/hosted/pub.dev/firebase_auth_web-5.8.13/lib/src/interop/auth_interop.dart:42:10:
Error: Type 'PromiseJsImpl' not found.
external PromiseJsImpl<void> confirmPasswordReset(
         ^^^^^^^^^^^^^
../../../AppData/Local/Pub/Cache/hosted/pub.dev/firebase_auth_web-5.8.13/lib/src/interop/auth_interop.dart:55:10:
Error: Type 'PromiseJsImpl' not found.
external PromiseJsImpl<void> setPersistence(
         ^^^^^^^^^^^^^
../../../AppData/Local/Pub/Cache/hosted/pub.dev/firebase_auth_web-5.8.13/lib/src/interop/auth_interop.dart:59:10:
Error: Type 'PromiseJsImpl' not found.
external PromiseJsImpl<UserCredentialJsImpl> createUserWithEmailAndPassword(
         ^^^^^^^^^^^^^
../../../AppData/Local/Pub/Cache/hosted/pub.dev/firebase_auth_web-5.8.13/lib/src/interop/auth_interop.dart:70:10:
Error: Type 'PromiseJsImpl' not found.
external PromiseJsImpl<void> deleteUser(
         ^^^^^^^^^^^^^
../../../AppData/Local/Pub/Cache/hosted/pub.dev/firebase_auth_web-5.8.13/lib/src/interop/auth_interop.dart:75:10:
Error: Type 'PromiseJsImpl' not found.
external PromiseJsImpl<List> fetchSignInMethodsForEmail(
         ^^^^^^^^^^^^^
../../../AppData/Local/Pub/Cache/hosted/pub.dev/firebase_auth_web-5.8.13/lib/src/interop/auth_interop.dart:82:10:
Error: Type 'PromiseJsImpl' not found.
external PromiseJsImpl<UserCredentialJsImpl?> getRedirectResult(
         ^^^^^^^^^^^^^
../../../AppData/Local/Pub/Cache/hosted/pub.dev/firebase_auth_web-5.8.13/lib/src/interop/auth_interop.dart:87:10:
Error: Type 'PromiseJsImpl' not found.
external PromiseJsImpl<void> sendSignInLinkToEmail(
         ^^^^^^^^^^^^^
../../../AppData/Local/Pub/Cache/hosted/pub.dev/firebase_auth_web-5.8.13/lib/src/interop/auth_interop.dart:94:10:
Error: Type 'PromiseJsImpl' not found.
external PromiseJsImpl<void> sendPasswordResetEmail(
         ^^^^^^^^^^^^^
../../../AppData/Local/Pub/Cache/hosted/pub.dev/firebase_auth_web-5.8.13/lib/src/interop/auth_interop.dart:101:10:
Error: Type 'PromiseJsImpl' not found.
external PromiseJsImpl<UserCredentialJsImpl> signInWithCredential(
         ^^^^^^^^^^^^^
../../../AppData/Local/Pub/Cache/hosted/pub.dev/firebase_auth_web-5.8.13/lib/src/interop/auth_interop.dart:107:10:
Error: Type 'PromiseJsImpl' not found.
external PromiseJsImpl<UserCredentialJsImpl> signInAnonymously(AuthJsImpl auth);
         ^^^^^^^^^^^^^
../../../AppData/Local/Pub/Cache/hosted/pub.dev/firebase_auth_web-5.8.13/lib/src/interop/auth_interop.dart:110:10:
Error: Type 'PromiseJsImpl' not found.
external PromiseJsImpl<UserCredentialJsImpl> signInWithCustomToken(
         ^^^^^^^^^^^^^
../../../AppData/Local/Pub/Cache/hosted/pub.dev/firebase_auth_web-5.8.13/lib/src/interop/auth_interop.dart:116:10:
Error: Type 'PromiseJsImpl' not found.
external PromiseJsImpl<UserCredentialJsImpl> signInWithEmailAndPassword(
         ^^^^^^^^^^^^^
../../../AppData/Local/Pub/Cache/hosted/pub.dev/firebase_auth_web-5.8.13/lib/src/interop/auth_interop.dart:123:10:
Error: Type 'PromiseJsImpl' not found.
external PromiseJsImpl<UserCredentialJsImpl> signInWithEmailLink(
         ^^^^^^^^^^^^^
../../../AppData/Local/Pub/Cache/hosted/pub.dev/firebase_auth_web-5.8.13/lib/src/interop/auth_interop.dart:130:10:
Error: Type 'PromiseJsImpl' not found.
external PromiseJsImpl<ConfirmationResultJsImpl> signInWithPhoneNumber(
         ^^^^^^^^^^^^^
../../../AppData/Local/Pub/Cache/hosted/pub.dev/firebase_auth_web-5.8.13/lib/src/interop/auth_interop.dart:137:10:
Error: Type 'PromiseJsImpl' not found.
external PromiseJsImpl<UserCredentialJsImpl> signInWithPopup(
         ^^^^^^^^^^^^^
../../../AppData/Local/Pub/Cache/hosted/pub.dev/firebase_auth_web-5.8.13/lib/src/interop/auth_interop.dart:143:10:
Error: Type 'PromiseJsImpl' not found.
external PromiseJsImpl<void> signInWithRedirect(
         ^^^^^^^^^^^^^
../../../AppData/Local/Pub/Cache/hosted/pub.dev/firebase_auth_web-5.8.13/lib/src/interop/auth_interop.dart:149:10:
Error: Type 'PromiseJsImpl' not found.
external PromiseJsImpl<String> verifyPasswordResetCode(
         ^^^^^^^^^^^^^
../../../AppData/Local/Pub/Cache/hosted/pub.dev/firebase_auth_web-5.8.13/lib/src/interop/auth_interop.dart:155:10:
Error: Type 'PromiseJsImpl' not found.
external PromiseJsImpl<UserCredentialJsImpl> linkWithCredential(
         ^^^^^^^^^^^^^
../../../AppData/Local/Pub/Cache/hosted/pub.dev/firebase_auth_web-5.8.13/lib/src/interop/auth_interop.dart:161:10:
Error: Type 'PromiseJsImpl' not found.
external PromiseJsImpl<ConfirmationResultJsImpl> linkWithPhoneNumber(
         ^^^^^^^^^^^^^
../../../AppData/Local/Pub/Cache/hosted/pub.dev/firebase_auth_web-5.8.13/lib/src/interop/auth_interop.dart:168:10:
Error: Type 'PromiseJsImpl' not found.
external PromiseJsImpl<UserCredentialJsImpl> linkWithPopup(
         ^^^^^^^^^^^^^
../../../AppData/Local/Pub/Cache/hosted/pub.dev/firebase_auth_web-5.8.13/lib/src/interop/auth_interop.dart:174:10:
Error: Type 'PromiseJsImpl' not found.
external PromiseJsImpl<void> linkWithRedirect(
         ^^^^^^^^^^^^^
../../../AppData/Local/Pub/Cache/hosted/pub.dev/firebase_auth_web-5.8.13/lib/src/interop/auth_interop.dart:180:10:
Error: Type 'PromiseJsImpl' not found.
external PromiseJsImpl<UserCredentialJsImpl> reauthenticateWithCredential(
         ^^^^^^^^^^^^^
../../../AppData/Local/Pub/Cache/hosted/pub.dev/firebase_auth_web-5.8.13/lib/src/interop/auth_interop.dart:186:10:
Error: Type 'PromiseJsImpl' not found.
external PromiseJsImpl<ConfirmationResultJsImpl> reauthenticateWithPhoneNumber(
         ^^^^^^^^^^^^^
../../../AppData/Local/Pub/Cache/hosted/pub.dev/firebase_auth_web-5.8.13/lib/src/interop/auth_interop.dart:193:10:
Error: Type 'PromiseJsImpl' not found.
external PromiseJsImpl<UserCredentialJsImpl> reauthenticateWithPopup(
         ^^^^^^^^^^^^^
../../../AppData/Local/Pub/Cache/hosted/pub.dev/firebase_auth_web-5.8.13/lib/src/interop/auth_interop.dart:199:10:
Error: Type 'PromiseJsImpl' not found.
external PromiseJsImpl<void> reauthenticateWithRedirect(
         ^^^^^^^^^^^^^
../../../AppData/Local/Pub/Cache/hosted/pub.dev/firebase_auth_web-5.8.13/lib/src/interop/auth_interop.dart:205:10:
Error: Type 'PromiseJsImpl' not found.
external PromiseJsImpl<void> sendEmailVerification([
         ^^^^^^^^^^^^^
../../../AppData/Local/Pub/Cache/hosted/pub.dev/firebase_auth_web-5.8.13/lib/src/interop/auth_interop.dart:211:10:
Error: Type 'PromiseJsImpl' not found.
external PromiseJsImpl<void> verifyBeforeUpdateEmail(
         ^^^^^^^^^^^^^
../../../AppData/Local/Pub/Cache/hosted/pub.dev/firebase_auth_web-5.8.13/lib/src/interop/auth_interop.dart:218:10:
Error: Type 'PromiseJsImpl' not found.
external PromiseJsImpl<UserJsImpl> unlink(UserJsImpl user, String providerId);
         ^^^^^^^^^^^^^
../../../AppData/Local/Pub/Cache/hosted/pub.dev/firebase_auth_web-5.8.13/lib/src/interop/auth_interop.dart:221:10:
Error: Type 'PromiseJsImpl' not found.
external PromiseJsImpl<void> updateEmail(UserJsImpl user, String newEmail);
         ^^^^^^^^^^^^^
../../../AppData/Local/Pub/Cache/hosted/pub.dev/firebase_auth_web-5.8.13/lib/src/interop/auth_interop.dart:224:10:
Error: Type 'PromiseJsImpl' not found.
external PromiseJsImpl<void> updatePassword(
         ^^^^^^^^^^^^^
../../../AppData/Local/Pub/Cache/hosted/pub.dev/firebase_auth_web-5.8.13/lib/src/interop/auth_interop.dart:230:10:
Error: Type 'PromiseJsImpl' not found.
external PromiseJsImpl<void> updatePhoneNumber(
         ^^^^^^^^^^^^^
../../../AppData/Local/Pub/Cache/hosted/pub.dev/firebase_auth_web-5.8.13/lib/src/interop/auth_interop.dart:236:10:
Error: Type 'PromiseJsImpl' not found.
external PromiseJsImpl<void> updateProfile(
         ^^^^^^^^^^^^^
../../../AppData/Local/Pub/Cache/hosted/pub.dev/firebase_auth_web-5.8.13/lib/src/interop/auth_interop.dart:276:12:
Error: Type 'PromiseJsImpl' not found.
  external PromiseJsImpl<void> signOut();
           ^^^^^^^^^^^^^
../../../AppData/Local/Pub/Cache/hosted/pub.dev/firebase_auth_web-5.8.13/lib/src/interop/auth_interop.dart:311:12:
Error: Type 'PromiseJsImpl' not found.
  external PromiseJsImpl<void> delete();
           ^^^^^^^^^^^^^
../../../AppData/Local/Pub/Cache/hosted/pub.dev/firebase_auth_web-5.8.13/lib/src/interop/auth_interop.dart:312:12:
Error: Type 'PromiseJsImpl' not found.
  external PromiseJsImpl<String> getIdToken([bool? opt_forceRefresh]);
           ^^^^^^^^^^^^^
../../../AppData/Local/Pub/Cache/hosted/pub.dev/firebase_auth_web-5.8.13/lib/src/interop/auth_interop.dart:313:12:
Error: Type 'PromiseJsImpl' not found.
  external PromiseJsImpl<IdTokenResultImpl> getIdTokenResult(
           ^^^^^^^^^^^^^
../../../AppData/Local/Pub/Cache/hosted/pub.dev/firebase_auth_web-5.8.13/lib/src/interop/auth_interop.dart:315:12:
Error: Type 'PromiseJsImpl' not found.
  external PromiseJsImpl<void> reload();
           ^^^^^^^^^^^^^
../../../AppData/Local/Pub/Cache/hosted/pub.dev/firebase_auth_web-5.8.13/lib/src/interop/auth_interop.dart:468:12:
Error: Type 'PromiseJsImpl' not found.
  external PromiseJsImpl<String> verifyPhoneNumber(
           ^^^^^^^^^^^^^
../../../AppData/Local/Pub/Cache/hosted/pub.dev/firebase_auth_web-5.8.13/lib/src/interop/auth_interop.dart:489:12:
Error: Type 'PromiseJsImpl' not found.
  external PromiseJsImpl<String> verify();
           ^^^^^^^^^^^^^
../../../AppData/Local/Pub/Cache/hosted/pub.dev/firebase_auth_web-5.8.13/lib/src/interop/auth_interop.dart:500:12:
Error: Type 'PromiseJsImpl' not found.
  external PromiseJsImpl<num> render();
           ^^^^^^^^^^^^^
../../../AppData/Local/Pub/Cache/hosted/pub.dev/firebase_auth_web-5.8.13/lib/src/interop/auth_interop.dart:506:12:
Error: Type 'PromiseJsImpl' not found.
  external PromiseJsImpl<UserCredentialJsImpl> confirm(String verificationCode);
           ^^^^^^^^^^^^^
../../../AppData/Local/Pub/Cache/hosted/pub.dev/firebase_auth_web-5.8.13/lib/src/interop/auth_interop.dart:705:12:
Error: Type 'PromiseJsImpl' not found.
  external PromiseJsImpl<void> enroll(
           ^^^^^^^^^^^^^
../../../AppData/Local/Pub/Cache/hosted/pub.dev/firebase_auth_web-5.8.13/lib/src/interop/auth_interop.dart:707:12:
Error: Type 'PromiseJsImpl' not found.
  external PromiseJsImpl<MultiFactorSessionJsImpl> getSession();
           ^^^^^^^^^^^^^
../../../AppData/Local/Pub/Cache/hosted/pub.dev/firebase_auth_web-5.8.13/lib/src/interop/auth_interop.dart:708:12:
Error: Type 'PromiseJsImpl' not found.
  external PromiseJsImpl<void> unenroll(
           ^^^^^^^^^^^^^
../../../AppData/Local/Pub/Cache/hosted/pub.dev/firebase_auth_web-5.8.13/lib/src/interop/auth_interop.dart:735:12:
Error: Type 'PromiseJsImpl' not found.
  external PromiseJsImpl<UserCredentialJsImpl> resolveSignIn(
           ^^^^^^^^^^^^^
../../../AppData/Local/Pub/Cache/hosted/pub.dev/firebase_auth_web-5.8.13/lib/src/interop/auth_interop.dart:790:19:
Error: Type 'PromiseJsImpl' not found.
  external static PromiseJsImpl<TotpSecretJsImpl> generateSecret(
                  ^^^^^^^^^^^^^
../../../AppData/Local/Pub/Cache/hosted/pub.dev/firebase_messaging_web-3.5.18/lib/src/interop/messaging_interop.dart:18
:10:
Error: Type 'PromiseJsImpl' not found.
external PromiseJsImpl<bool> deleteToken(MessagingJsImpl messaging);
         ^^^^^^^^^^^^^
../../../AppData/Local/Pub/Cache/hosted/pub.dev/firebase_messaging_web-3.5.18/lib/src/interop/messaging_interop.dart:21
:10:
Error: Type 'PromiseJsImpl' not found.
external PromiseJsImpl<String> getToken(
         ^^^^^^^^^^^^^
../../../AppData/Local/Pub/Cache/hosted/pub.dev/firebase_messaging_web-3.5.18/lib/src/interop/messaging_interop.dart:25
:10:
Error: Type 'PromiseJsImpl' not found.
external PromiseJsImpl<bool> isSupported();
         ^^^^^^^^^^^^^
lib/features/auth/data/auth_repository.dart:25:20:
Error: The method 'UserModel' isn't defined for the type 'FirebaseAuthRepository'.
 - 'FirebaseAuthRepository' is from 'package:lovetree/features/auth/data/auth_repository.dart' ('lib/features/auth/data
/auth_repository.dart').
      final user = UserModel(uid: userCredential.user!.uid);
                   ^^^^^^^^^
lib/features/auth/data/auth_repository.dart:55:22:
Error: The method 'CoupleModel' isn't defined for the type 'FirebaseAuthRepository'.
 - 'FirebaseAuthRepository' is from 'package:lovetree/features/auth/data/auth_repository.dart' ('lib/features/auth/data
/auth_repository.dart').
      final couple = CoupleModel(
                     ^^^^^^^^^^^
../../../AppData/Local/Pub/Cache/hosted/pub.dev/firebase_auth_web-5.8.13/lib/src/interop/utils/utils.dart:11:23:
Error: Method not found: 'dartify'.
  return core_interop.dartify(jsObject);
                      ^^^^^^^
../../../AppData/Local/Pub/Cache/hosted/pub.dev/firebase_auth_web-5.8.13/lib/src/interop/utils/utils.dart:19:23:
Error: Method not found: 'jsify'.
  return core_interop.jsify(dartObject, customJsify);
                      ^^^^^
../../../AppData/Local/Pub/Cache/hosted/pub.dev/firebase_auth_web-5.8.13/lib/src/interop/auth.dart:116:28:
Error: The method 'handleThenable' isn't defined for the type 'User'.
 - 'User' is from 'package:firebase_auth_web/src/interop/auth.dart' ('../../../AppData/Local/Pub/Cache/hosted/pub.dev/f
irebase_auth_web-5.8.13/lib/src/interop/auth.dart').
  Future<void> delete() => handleThenable(jsObject.delete());
                           ^^^^^^^^^^^^^^
../../../AppData/Local/Pub/Cache/hosted/pub.dev/firebase_auth_web-5.8.13/lib/src/interop/auth.dart:126:7:
Error: The method 'handleThenable' isn't defined for the type 'User'.
 - 'User' is from 'package:firebase_auth_web/src/interop/auth.dart' ('../../../AppData/Local/Pub/Cache/hosted/pub.dev/f
irebase_auth_web-5.8.13/lib/src/interop/auth.dart').
      handleThenable(jsObject.getIdToken(forceRefresh));
      ^^^^^^^^^^^^^^
../../../AppData/Local/Pub/Cache/hosted/pub.dev/firebase_auth_web-5.8.13/lib/src/interop/auth.dart:132:7:
Error: The method 'handleThenable' isn't defined for the type 'User'.
 - 'User' is from 'package:firebase_auth_web/src/interop/auth.dart' ('../../../AppData/Local/Pub/Cache/hosted/pub.dev/f
irebase_auth_web-5.8.13/lib/src/interop/auth.dart').
      handleThenable(auth_interop.linkWithCredential(jsObject, credential))
      ^^^^^^^^^^^^^^
../../../AppData/Local/Pub/Cache/hosted/pub.dev/firebase_auth_web-5.8.13/lib/src/interop/auth.dart:139:7:
Error: The method 'handleThenable' isn't defined for the type 'User'.
 - 'User' is from 'package:firebase_auth_web/src/interop/auth.dart' ('../../../AppData/Local/Pub/Cache/hosted/pub.dev/f
irebase_auth_web-5.8.13/lib/src/interop/auth.dart').
      handleThenable(
      ^^^^^^^^^^^^^^
../../../AppData/Local/Pub/Cache/hosted/pub.dev/firebase_auth_web-5.8.13/lib/src/interop/auth.dart:148:7:
Error: The method 'handleThenable' isn't defined for the type 'User'.
 - 'User' is from 'package:firebase_auth_web/src/interop/auth.dart' ('../../../AppData/Local/Pub/Cache/hosted/pub.dev/f
irebase_auth_web-5.8.13/lib/src/interop/auth.dart').
      handleThenable(auth_interop.linkWithPopup(jsObject, provider.jsObject))
      ^^^^^^^^^^^^^^
../../../AppData/Local/Pub/Cache/hosted/pub.dev/firebase_auth_web-5.8.13/lib/src/interop/auth.dart:153:59:
Error: The method 'handleThenable' isn't defined for the type 'User'.
 - 'User' is from 'package:firebase_auth_web/src/interop/auth.dart' ('../../../AppData/Local/Pub/Cache/hosted/pub.dev/f
irebase_auth_web-5.8.13/lib/src/interop/auth.dart').
  Future<void> linkWithRedirect(AuthProvider provider) => handleThenable(
                                                          ^^^^^^^^^^^^^^
../../../AppData/Local/Pub/Cache/hosted/pub.dev/firebase_auth_web-5.8.13/lib/src/interop/auth.dart:160:7:
Error: The method 'handleThenable' isn't defined for the type 'User'.
 - 'User' is from 'package:firebase_auth_web/src/interop/auth.dart' ('../../../AppData/Local/Pub/Cache/hosted/pub.dev/f
irebase_auth_web-5.8.13/lib/src/interop/auth.dart').
      handleThenable(
      ^^^^^^^^^^^^^^
../../../AppData/Local/Pub/Cache/hosted/pub.dev/firebase_auth_web-5.8.13/lib/src/interop/auth.dart:171:7:
Error: The method 'handleThenable' isn't defined for the type 'User'.
 - 'User' is from 'package:firebase_auth_web/src/interop/auth.dart' ('../../../AppData/Local/Pub/Cache/hosted/pub.dev/f
irebase_auth_web-5.8.13/lib/src/interop/auth.dart').
      handleThenable(auth_interop.reauthenticateWithPhoneNumber(
      ^^^^^^^^^^^^^^
../../../AppData/Local/Pub/Cache/hosted/pub.dev/firebase_auth_web-5.8.13/lib/src/interop/auth.dart:179:7:
Error: The method 'handleThenable' isn't defined for the type 'User'.
 - 'User' is from 'package:firebase_auth_web/src/interop/auth.dart' ('../../../AppData/Local/Pub/Cache/hosted/pub.dev/f
irebase_auth_web-5.8.13/lib/src/interop/auth.dart').
      handleThenable(
      ^^^^^^^^^^^^^^
../../../AppData/Local/Pub/Cache/hosted/pub.dev/firebase_auth_web-5.8.13/lib/src/interop/auth.dart:186:7:
Error: The method 'handleThenable' isn't defined for the type 'User'.
 - 'User' is from 'package:firebase_auth_web/src/interop/auth.dart' ('../../../AppData/Local/Pub/Cache/hosted/pub.dev/f
irebase_auth_web-5.8.13/lib/src/interop/auth.dart').
      handleThenable(
      ^^^^^^^^^^^^^^
../../../AppData/Local/Pub/Cache/hosted/pub.dev/firebase_auth_web-5.8.13/lib/src/interop/auth.dart:190:28:
Error: The method 'handleThenable' isn't defined for the type 'User'.
 - 'User' is from 'package:firebase_auth_web/src/interop/auth.dart' ('../../../AppData/Local/Pub/Cache/hosted/pub.dev/f
irebase_auth_web-5.8.13/lib/src/interop/auth.dart').
  Future<void> reload() => handleThenable(jsObject.reload());
                           ^^^^^^^^^^^^^^
../../../AppData/Local/Pub/Cache/hosted/pub.dev/firebase_auth_web-5.8.13/lib/src/interop/auth.dart:212:7:
Error: The method 'handleThenable' isn't defined for the type 'User'.
 - 'User' is from 'package:firebase_auth_web/src/interop/auth.dart' ('../../../AppData/Local/Pub/Cache/hosted/pub.dev/f
irebase_auth_web-5.8.13/lib/src/interop/auth.dart').
      handleThenable(
      ^^^^^^^^^^^^^^
../../../AppData/Local/Pub/Cache/hosted/pub.dev/firebase_auth_web-5.8.13/lib/src/interop/auth.dart:219:7:
Error: The method 'handleThenable' isn't defined for the type 'User'.
 - 'User' is from 'package:firebase_auth_web/src/interop/auth.dart' ('../../../AppData/Local/Pub/Cache/hosted/pub.dev/f
irebase_auth_web-5.8.13/lib/src/interop/auth.dart').
      handleThenable(auth_interop.verifyBeforeUpdateEmail(
      ^^^^^^^^^^^^^^
../../../AppData/Local/Pub/Cache/hosted/pub.dev/firebase_auth_web-5.8.13/lib/src/interop/auth.dart:224:7:
Error: The method 'handleThenable' isn't defined for the type 'User'.
 - 'User' is from 'package:firebase_auth_web/src/interop/auth.dart' ('../../../AppData/Local/Pub/Cache/hosted/pub.dev/f
irebase_auth_web-5.8.13/lib/src/interop/auth.dart').
      handleThenable(auth_interop.unlink(jsObject, providerId))
      ^^^^^^^^^^^^^^
../../../AppData/Local/Pub/Cache/hosted/pub.dev/firebase_auth_web-5.8.13/lib/src/interop/auth.dart:229:7:
Error: The method 'handleThenable' isn't defined for the type 'User'.
 - 'User' is from 'package:firebase_auth_web/src/interop/auth.dart' ('../../../AppData/Local/Pub/Cache/hosted/pub.dev/f
irebase_auth_web-5.8.13/lib/src/interop/auth.dart').
      handleThenable(auth_interop.updateEmail(jsObject, newEmail));
      ^^^^^^^^^^^^^^
../../../AppData/Local/Pub/Cache/hosted/pub.dev/firebase_auth_web-5.8.13/lib/src/interop/auth.dart:235:7:
Error: The method 'handleThenable' isn't defined for the type 'User'.
 - 'User' is from 'package:firebase_auth_web/src/interop/auth.dart' ('../../../AppData/Local/Pub/Cache/hosted/pub.dev/f
irebase_auth_web-5.8.13/lib/src/interop/auth.dart').
      handleThenable(auth_interop.updatePassword(jsObject, newPassword));
      ^^^^^^^^^^^^^^
../../../AppData/Local/Pub/Cache/hosted/pub.dev/firebase_auth_web-5.8.13/lib/src/interop/auth.dart:240:7:
Error: The method 'handleThenable' isn't defined for the type 'User'.
 - 'User' is from 'package:firebase_auth_web/src/interop/auth.dart' ('../../../AppData/Local/Pub/Cache/hosted/pub.dev/f
irebase_auth_web-5.8.13/lib/src/interop/auth.dart').
      handleThenable(auth_interop.updatePhoneNumber(jsObject, phoneCredential));
      ^^^^^^^^^^^^^^
../../../AppData/Local/Pub/Cache/hosted/pub.dev/firebase_auth_web-5.8.13/lib/src/interop/auth.dart:244:7:
Error: The method 'handleThenable' isn't defined for the type 'User'.
 - 'User' is from 'package:firebase_auth_web/src/interop/auth.dart' ('../../../AppData/Local/Pub/Cache/hosted/pub.dev/f
irebase_auth_web-5.8.13/lib/src/interop/auth.dart').
      handleThenable(auth_interop.updateProfile(jsObject, profile));
      ^^^^^^^^^^^^^^
../../../AppData/Local/Pub/Cache/hosted/pub.dev/firebase_auth_web-5.8.13/lib/src/interop/auth.dart:251:12:
Error: The method 'handleThenable' isn't defined for the type 'User'.
 - 'User' is from 'package:firebase_auth_web/src/interop/auth.dart' ('../../../AppData/Local/Pub/Cache/hosted/pub.dev/f
irebase_auth_web-5.8.13/lib/src/interop/auth.dart').
    return handleThenable(promise).then(IdTokenResult._fromJsObject);
           ^^^^^^^^^^^^^^
../../../AppData/Local/Pub/Cache/hosted/pub.dev/firebase_auth_web-5.8.13/lib/src/interop/auth.dart:455:7:
Error: The method 'handleThenable' isn't defined for the type 'Auth'.
 - 'Auth' is from 'package:firebase_auth_web/src/interop/auth.dart' ('../../../AppData/Local/Pub/Cache/hosted/pub.dev/f
irebase_auth_web-5.8.13/lib/src/interop/auth.dart').
      handleThenable(auth_interop.applyActionCode(jsObject, oobCode));
      ^^^^^^^^^^^^^^
../../../AppData/Local/Pub/Cache/hosted/pub.dev/firebase_auth_web-5.8.13/lib/src/interop/auth.dart:461:7:
Error: The method 'handleThenable' isn't defined for the type 'Auth'.
 - 'Auth' is from 'package:firebase_auth_web/src/interop/auth.dart' ('../../../AppData/Local/Pub/Cache/hosted/pub.dev/f
irebase_auth_web-5.8.13/lib/src/interop/auth.dart').
      handleThenable(auth_interop.checkActionCode(jsObject, code));
      ^^^^^^^^^^^^^^
../../../AppData/Local/Pub/Cache/hosted/pub.dev/firebase_auth_web-5.8.13/lib/src/interop/auth.dart:465:7:
Error: The method 'handleThenable' isn't defined for the type 'Auth'.
 - 'Auth' is from 'package:firebase_auth_web/src/interop/auth.dart' ('../../../AppData/Local/Pub/Cache/hosted/pub.dev/f
irebase_auth_web-5.8.13/lib/src/interop/auth.dart').
      handleThenable(
      ^^^^^^^^^^^^^^
../../../AppData/Local/Pub/Cache/hosted/pub.dev/firebase_auth_web-5.8.13/lib/src/interop/auth.dart:485:21:
Error: The method 'handleThenable' isn't defined for the type 'Auth'.
 - 'Auth' is from 'package:firebase_auth_web/src/interop/auth.dart' ('../../../AppData/Local/Pub/Cache/hosted/pub.dev/f
irebase_auth_web-5.8.13/lib/src/interop/auth.dart').
    final u = await handleThenable(
                    ^^^^^^^^^^^^^^
../../../AppData/Local/Pub/Cache/hosted/pub.dev/firebase_auth_web-5.8.13/lib/src/interop/auth.dart:498:7:
Error: The method 'handleThenable' isn't defined for the type 'Auth'.
 - 'Auth' is from 'package:firebase_auth_web/src/interop/auth.dart' ('../../../AppData/Local/Pub/Cache/hosted/pub.dev/f
irebase_auth_web-5.8.13/lib/src/interop/auth.dart').
      handleThenable(auth_interop.fetchSignInMethodsForEmail(jsObject, email))
      ^^^^^^^^^^^^^^
../../../AppData/Local/Pub/Cache/hosted/pub.dev/firebase_auth_web-5.8.13/lib/src/interop/auth.dart:511:7:
Error: The method 'handleThenable' isn't defined for the type 'Auth'.
 - 'Auth' is from 'package:firebase_auth_web/src/interop/auth.dart' ('../../../AppData/Local/Pub/Cache/hosted/pub.dev/f
irebase_auth_web-5.8.13/lib/src/interop/auth.dart').
      handleThenable(auth_interop.getRedirectResult(jsObject)).then(
      ^^^^^^^^^^^^^^
../../../AppData/Local/Pub/Cache/hosted/pub.dev/firebase_auth_web-5.8.13/lib/src/interop/auth.dart:526:7:
Error: The method 'handleThenable' isn't defined for the type 'Auth'.
 - 'Auth' is from 'package:firebase_auth_web/src/interop/auth.dart' ('../../../AppData/Local/Pub/Cache/hosted/pub.dev/f
irebase_auth_web-5.8.13/lib/src/interop/auth.dart').
      handleThenable(auth_interop.sendSignInLinkToEmail(
      ^^^^^^^^^^^^^^
../../../AppData/Local/Pub/Cache/hosted/pub.dev/firebase_auth_web-5.8.13/lib/src/interop/auth.dart:562:12:
Error: The method 'handleThenable' isn't defined for the type 'Auth'.
 - 'Auth' is from 'package:firebase_auth_web/src/interop/auth.dart' ('../../../AppData/Local/Pub/Cache/hosted/pub.dev/f
irebase_auth_web-5.8.13/lib/src/interop/auth.dart').
    return handleThenable(auth_interop.setPersistence(jsObject, instance));
           ^^^^^^^^^^^^^^
../../../AppData/Local/Pub/Cache/hosted/pub.dev/firebase_auth_web-5.8.13/lib/src/interop/auth.dart:586:7:
Error: The method 'handleThenable' isn't defined for the type 'Auth'.
 - 'Auth' is from 'package:firebase_auth_web/src/interop/auth.dart' ('../../../AppData/Local/Pub/Cache/hosted/pub.dev/f
irebase_auth_web-5.8.13/lib/src/interop/auth.dart').
      handleThenable(auth_interop.sendPasswordResetEmail(
      ^^^^^^^^^^^^^^
../../../AppData/Local/Pub/Cache/hosted/pub.dev/firebase_auth_web-5.8.13/lib/src/interop/auth.dart:593:7:
Error: The method 'handleThenable' isn't defined for the type 'Auth'.
 - 'Auth' is from 'package:firebase_auth_web/src/interop/auth.dart' ('../../../AppData/Local/Pub/Cache/hosted/pub.dev/f
irebase_auth_web-5.8.13/lib/src/interop/auth.dart').
      handleThenable(auth_interop.signInWithCredential(jsObject, credential))
      ^^^^^^^^^^^^^^
../../../AppData/Local/Pub/Cache/hosted/pub.dev/firebase_auth_web-5.8.13/lib/src/interop/auth.dart:602:7:
Error: The method 'handleThenable' isn't defined for the type 'Auth'.
 - 'Auth' is from 'package:firebase_auth_web/src/interop/auth.dart' ('../../../AppData/Local/Pub/Cache/hosted/pub.dev/f
irebase_auth_web-5.8.13/lib/src/interop/auth.dart').
      handleThenable(auth_interop.signInAnonymously(jsObject))
      ^^^^^^^^^^^^^^
../../../AppData/Local/Pub/Cache/hosted/pub.dev/firebase_auth_web-5.8.13/lib/src/interop/auth.dart:613:7:
Error: The method 'handleThenable' isn't defined for the type 'Auth'.
 - 'Auth' is from 'package:firebase_auth_web/src/interop/auth.dart' ('../../../AppData/Local/Pub/Cache/hosted/pub.dev/f
irebase_auth_web-5.8.13/lib/src/interop/auth.dart').
      handleThenable(auth_interop.signInWithCustomToken(jsObject, token))
      ^^^^^^^^^^^^^^
../../../AppData/Local/Pub/Cache/hosted/pub.dev/firebase_auth_web-5.8.13/lib/src/interop/auth.dart:640:7:
Error: The method 'handleThenable' isn't defined for the type 'Auth'.
 - 'Auth' is from 'package:firebase_auth_web/src/interop/auth.dart' ('../../../AppData/Local/Pub/Cache/hosted/pub.dev/f
irebase_auth_web-5.8.13/lib/src/interop/auth.dart').
      handleThenable(auth_interop.signInWithEmailAndPassword(
      ^^^^^^^^^^^^^^
../../../AppData/Local/Pub/Cache/hosted/pub.dev/firebase_auth_web-5.8.13/lib/src/interop/auth.dart:646:7:
Error: The method 'handleThenable' isn't defined for the type 'Auth'.
 - 'Auth' is from 'package:firebase_auth_web/src/interop/auth.dart' ('../../../AppData/Local/Pub/Cache/hosted/pub.dev/f
irebase_auth_web-5.8.13/lib/src/interop/auth.dart').
      handleThenable(
      ^^^^^^^^^^^^^^
../../../AppData/Local/Pub/Cache/hosted/pub.dev/firebase_auth_web-5.8.13/lib/src/interop/auth.dart:662:7:
Error: The method 'handleThenable' isn't defined for the type 'Auth'.
 - 'Auth' is from 'package:firebase_auth_web/src/interop/auth.dart' ('../../../AppData/Local/Pub/Cache/hosted/pub.dev/f
irebase_auth_web-5.8.13/lib/src/interop/auth.dart').
      handleThenable(auth_interop.signInWithPhoneNumber(
      ^^^^^^^^^^^^^^
../../../AppData/Local/Pub/Cache/hosted/pub.dev/firebase_auth_web-5.8.13/lib/src/interop/auth.dart:670:7:
Error: The method 'handleThenable' isn't defined for the type 'Auth'.
 - 'Auth' is from 'package:firebase_auth_web/src/interop/auth.dart' ('../../../AppData/Local/Pub/Cache/hosted/pub.dev/f
irebase_auth_web-5.8.13/lib/src/interop/auth.dart').
      handleThenable(auth_interop.signInWithPopup(jsObject, provider.jsObject))
      ^^^^^^^^^^^^^^
../../../AppData/Local/Pub/Cache/hosted/pub.dev/firebase_auth_web-5.8.13/lib/src/interop/auth.dart:674:55:
Error: The method 'handleThenable' isn't defined for the type 'Auth'.
 - 'Auth' is from 'package:firebase_auth_web/src/interop/auth.dart' ('../../../AppData/Local/Pub/Cache/hosted/pub.dev/f
irebase_auth_web-5.8.13/lib/src/interop/auth.dart').
  Future signInWithRedirect(AuthProvider provider) => handleThenable(
                                                      ^^^^^^^^^^^^^^
../../../AppData/Local/Pub/Cache/hosted/pub.dev/firebase_auth_web-5.8.13/lib/src/interop/auth.dart:678:23:
Error: The method 'handleThenable' isn't defined for the type 'Auth'.
 - 'Auth' is from 'package:firebase_auth_web/src/interop/auth.dart' ('../../../AppData/Local/Pub/Cache/hosted/pub.dev/f
irebase_auth_web-5.8.13/lib/src/interop/auth.dart').
  Future signOut() => handleThenable(jsObject.signOut());
                      ^^^^^^^^^^^^^^
../../../AppData/Local/Pub/Cache/hosted/pub.dev/firebase_auth_web-5.8.13/lib/src/interop/auth.dart:696:7:
Error: The method 'handleThenable' isn't defined for the type 'Auth'.
 - 'Auth' is from 'package:firebase_auth_web/src/interop/auth.dart' ('../../../AppData/Local/Pub/Cache/hosted/pub.dev/f
irebase_auth_web-5.8.13/lib/src/interop/auth.dart').
      handleThenable(auth_interop.verifyPasswordResetCode(jsObject, code));
      ^^^^^^^^^^^^^^
../../../AppData/Local/Pub/Cache/hosted/pub.dev/firebase_auth_web-5.8.13/lib/src/interop/auth.dart:989:7:
Error: The method 'handleThenable' isn't defined for the type 'PhoneAuthProvider'.
 - 'PhoneAuthProvider' is from 'package:firebase_auth_web/src/interop/auth.dart' ('../../../AppData/Local/Pub/Cache/hos
ted/pub.dev/firebase_auth_web-5.8.13/lib/src/interop/auth.dart').
      handleThenable(jsObject.verifyPhoneNumber(
      ^^^^^^^^^^^^^^
../../../AppData/Local/Pub/Cache/hosted/pub.dev/firebase_auth_web-5.8.13/lib/src/interop/auth.dart:1016:30:
Error: The method 'handleThenable' isn't defined for the type 'ApplicationVerifier<T>'.
 - 'ApplicationVerifier' is from 'package:firebase_auth_web/src/interop/auth.dart' ('../../../AppData/Local/Pub/Cache/h
osted/pub.dev/firebase_auth_web-5.8.13/lib/src/interop/auth.dart').
  Future<String> verify() => handleThenable(jsObject.verify());
                             ^^^^^^^^^^^^^^
../../../AppData/Local/Pub/Cache/hosted/pub.dev/firebase_auth_web-5.8.13/lib/src/interop/auth.dart:1072:27:
Error: The method 'handleThenable' isn't defined for the type 'RecaptchaVerifier'.
 - 'RecaptchaVerifier' is from 'package:firebase_auth_web/src/interop/auth.dart' ('../../../AppData/Local/Pub/Cache/hos
ted/pub.dev/firebase_auth_web-5.8.13/lib/src/interop/auth.dart').
  Future<num> render() => handleThenable(jsObject.render());
                          ^^^^^^^^^^^^^^
../../../AppData/Local/Pub/Cache/hosted/pub.dev/firebase_auth_web-5.8.13/lib/src/interop/auth.dart:1093:7:
Error: The method 'handleThenable' isn't defined for the type 'ConfirmationResult'.
 - 'ConfirmationResult' is from 'package:firebase_auth_web/src/interop/auth.dart' ('../../../AppData/Local/Pub/Cache/ho
sted/pub.dev/firebase_auth_web-5.8.13/lib/src/interop/auth.dart').
      handleThenable(jsObject.confirm(verificationCode))
      ^^^^^^^^^^^^^^
../../../AppData/Local/Pub/Cache/hosted/pub.dev/firebase_auth_web-5.8.13/lib/src/interop/multi_factor.dart:52:7:
Error: The method 'handleThenable' isn't defined for the type 'MultiFactorUser'.
 - 'MultiFactorUser' is from 'package:firebase_auth_web/src/interop/multi_factor.dart' ('../../../AppData/Local/Pub/Cac
he/hosted/pub.dev/firebase_auth_web-5.8.13/lib/src/interop/multi_factor.dart').
      handleThenable(jsObject.getSession())
      ^^^^^^^^^^^^^^
../../../AppData/Local/Pub/Cache/hosted/pub.dev/firebase_auth_web-5.8.13/lib/src/interop/multi_factor.dart:63:12:
Error: The method 'handleThenable' isn't defined for the type 'MultiFactorUser'.
 - 'MultiFactorUser' is from 'package:firebase_auth_web/src/interop/multi_factor.dart' ('../../../AppData/Local/Pub/Cac
he/hosted/pub.dev/firebase_auth_web-5.8.13/lib/src/interop/multi_factor.dart').
    return handleThenable(jsObject.enroll(assertion.jsObject, displayName));
           ^^^^^^^^^^^^^^
../../../AppData/Local/Pub/Cache/hosted/pub.dev/firebase_auth_web-5.8.13/lib/src/interop/multi_factor.dart:75:12:
Error: The method 'handleThenable' isn't defined for the type 'MultiFactorUser'.
 - 'MultiFactorUser' is from 'package:firebase_auth_web/src/interop/multi_factor.dart' ('../../../AppData/Local/Pub/Cac
he/hosted/pub.dev/firebase_auth_web-5.8.13/lib/src/interop/multi_factor.dart').
    return handleThenable(jsObject.unenroll(multiFactorInfoId));
           ^^^^^^^^^^^^^^
../../../AppData/Local/Pub/Cache/hosted/pub.dev/firebase_auth_web-5.8.13/lib/src/interop/multi_factor.dart:150:12:
Error: The method 'handleThenable' isn't defined for the type 'MultiFactorResolver'.
 - 'MultiFactorResolver' is from 'package:firebase_auth_web/src/interop/multi_factor.dart' ('../../../AppData/Local/Pub
/Cache/hosted/pub.dev/firebase_auth_web-5.8.13/lib/src/interop/multi_factor.dart').
    return handleThenable(jsObject.resolveSignIn(assertion.jsObject))
           ^^^^^^^^^^^^^^
../../../AppData/Local/Pub/Cache/hosted/pub.dev/firebase_auth_web-5.8.13/lib/src/interop/multi_factor.dart:230:12:
Error: Method not found: 'handleThenable'.
    return handleThenable(
           ^^^^^^^^^^^^^^
../../../AppData/Local/Pub/Cache/hosted/pub.dev/firebase_messaging_web-3.5.18/lib/src/interop/messaging.dart:35:7:
Error: Method not found: 'handleThenable'.
      handleThenable(messaging_interop.isSupported());
      ^^^^^^^^^^^^^^
../../../AppData/Local/Pub/Cache/hosted/pub.dev/firebase_messaging_web-3.5.18/lib/src/interop/messaging.dart:43:7:
Error: The method 'handleThenable' isn't defined for the type 'Messaging'.
 - 'Messaging' is from 'package:firebase_messaging_web/src/interop/messaging.dart' ('../../../AppData/Local/Pub/Cache/h
osted/pub.dev/firebase_messaging_web-3.5.18/lib/src/interop/messaging.dart').
      handleThenable(messaging_interop.deleteToken(jsObject));
      ^^^^^^^^^^^^^^
../../../AppData/Local/Pub/Cache/hosted/pub.dev/firebase_messaging_web-3.5.18/lib/src/interop/messaging.dart:49:27:
Error: The method 'handleThenable' isn't defined for the type 'Messaging'.
 - 'Messaging' is from 'package:firebase_messaging_web/src/interop/messaging.dart' ('../../../AppData/Local/Pub/Cache/h
osted/pub.dev/firebase_messaging_web-3.5.18/lib/src/interop/messaging.dart').
      final token = await handleThenable(messaging_interop.getToken(
                          ^^^^^^^^^^^^^^
../../../AppData/Local/Pub/Cache/hosted/pub.dev/firebase_messaging_web-3.5.18/lib/src/interop/messaging.dart:119:37:
Error: The method 'dartify' isn't defined for the type 'MessagePayload'.
 - 'MessagePayload' is from 'package:firebase_messaging_web/src/interop/messaging.dart' ('../../../AppData/Local/Pub/Ca
che/hosted/pub.dev/firebase_messaging_web-3.5.18/lib/src/interop/messaging.dart').
  Map<String, dynamic>? get data => dartify(jsObject.data);
                                    ^^^^^^^
Error: Compilation failed.
  Command: C:\src\flutter\bin\cache\dart-sdk\bin\dart.exe compile js --platform-binaries=C:\src\flutter\bin\cache\flutt
er_web_sdk\kernel --invoker=flutter_tool -Ddart.vm.product=true -DFLUTTER_VERSION=3.41.2 -DFLUTTER_CHANNEL=stable -DFLU
TTER_GIT_URL=https://github.com/flutter/flutter.git -DFLUTTER_FRAMEWORK_REVISION=90673a4eef -DFLUTTER_ENGINE_REVISION=6
c0baaebf7 -DFLUTTER_DART_VERSION=3.11.0 -DFLUTTER_WEB_USE_SKIA=true -DFLUTTER_WEB_USE_SKWASM=false -DFLUTTER_WEB_CANVAS
KIT_URL=https://www.gstatic.com/flutter-canvaskit/6c0baaebf70e0148f485f27d5616b3d3382da7bf/ --native-null-assertions --
no-source-maps -O4 --minify -o C:\Users\chanp\Desktop\Develop\LoveTree\.dart_tool\flutter_build\2c8e654055ebf7d2bd89c8d
a91eef4a4\app.dill --packages=C:\Users\chanp\Desktop\Develop\LoveTree\.dart_tool\package_config.json --cfe-only C:\User
s\chanp\Desktop\Develop\LoveTree\.dart_tool\flutter_build\2c8e654055ebf7d2bd89c8da91eef4a4\main.dart
#0      RunResult.throwException (package:flutter_tools/src/base/process.dart:153:5)
#1      _DefaultProcessUtils.run (package:flutter_tools/src/base/process.dart:379:19)
<asynchronous suspension>
#2      Dart2JSTarget.build (package:flutter_tools/src/build_system/targets/web.dart:208:5)
<asynchronous suspension>
#3      _BuildInstance._invokeInternal (package:flutter_tools/src/build_system/build_system.dart:937:9)
<asynchronous suspension>
#4      Future.wait.<anonymous closure> (dart:async/future.dart:546:21)
<asynchronous suspension>
#5      _BuildInstance.invokeTarget (package:flutter_tools/src/build_system/build_system.dart:875:32)
<asynchronous suspension>
#6      Future.wait.<anonymous closure> (dart:async/future.dart:546:21)
<asynchronous suspension>
#7      _BuildInstance.invokeTarget (package:flutter_tools/src/build_system/build_system.dart:875:32)
<asynchronous suspension>
#8      FlutterBuildSystem.build (package:flutter_tools/src/build_system/build_system.dart:684:16)
<asynchronous suspension>
#9      WebBuilder.buildWeb (package:flutter_tools/src/web/compile.dart:107:34)
<asynchronous suspension>
#10     BuildWebCommand.runCommand (package:flutter_tools/src/commands/build_web.dart:300:5)
<asynchronous suspension>
Compiling lib\main.dart for the Web...                             63.8s
#11     FlutterCommand.run.<anonymous closure> (package:flutter_tools/src/runner/flutter_command.dart:1590:27)
<asynchronous suspension>
#12     AppContext.run.<anonymous closure> (package:flutter_tools/src/base/context.dart:154:19)
<asynchronous suspension>
#13     CommandRunner.runCommand (package:args/command_runner.dart:212:13)
<asynchronous suspension>
#14     FlutterCommandRunner.runCommand.<anonymous closure> (package:flutter_tools/src/runner/flutter_command_runner.da
rt:496:9)
<asynchronous suspension>
#15     AppContext.run.<anonymous closure> (package:flutter_tools/src/base/context.dart:154:19)
<asynchronous suspension>
#16     FlutterCommandRunner.runCommand (package:flutter_tools/src/runner/flutter_command_runner.dart:431:5)
<asynchronous suspension>
#17     FlutterCommandRunner.run.<anonymous closure> (package:flutter_tools/src/runner/flutter_command_runner.dart:307:
33)
<asynchronous suspension>
#18     run.<anonymous closure>.<anonymous closure> (package:flutter_tools/runner.dart:104:11)
<asynchronous suspension>
#19     AppContext.run.<anonymous closure> (package:flutter_tools/src/base/context.dart:154:19)
<asynchronous suspension>
#20     main (package:flutter_tools/executable.dart:103:3)
<asynchronous suspension>

Error: Failed to compile application for the Web.
